2026-09-27T15:15:36Z|seed|37900238848  22% /
2026-09-27T15:15:48Z|seed|37649162240  22% /
2026-09-27T15:15:58Z|seed|37259137024  23% /
2026-09-27T15:16:09Z|seed|36915748864  24% /
2026-09-27T15:16:19Z|seed|36583096320  25% /
2026-09-27T15:16:30Z|seed|36397121536  25% /
2026-09-27T15:16:41Z|seed|36193517568  25% /
2026-09-27T15:16:52Z|seed|36143087616  26% /
2026-09-27T15:17:03Z|seed|36092702720  26% /
2026-09-27T15:17:13Z|seed|36135444480  26% /
2026-09-27T15:17:24Z|seed|36135432192  26% /
2026-09-27T15:17:34Z|seed|36135358464  26% /
2026-09-27T15:17:45Z|seed|36135317504  26% /
2026-09-27T15:17:55Z|seed|36135309312  26% /
2026-09-27T15:18:06Z|seed|36101627904  26% /
2026-09-27T15:18:16Z|seed|36034449408  26% /
2026-09-27T15:18:27Z|seed|36034445312  26% /
2026-09-27T15:18:37Z|seed|36034367488  26% /
2026-09-27T15:18:48Z|seed|36034326528  26% /
2026-09-27T15:18:59Z|seed|36034273280  26% /
2026-09-27T15:19:09Z|registration|36034256896  26% /
2026-09-27T15:19:20Z|registration|36034174976  26% /
2026-09-27T15:19:30Z|registration|36034129920  26% /
2026-09-27T15:19:41Z|registration|36034113536  26% /
2026-09-27T15:19:51Z|registration|36034035712  26% /
2026-09-27T15:20:02Z|registration|36025589760  26% /
2026-09-27T15:20:12Z|registration|36025585664  26% /
2026-09-27T15:20:23Z|dump|35990253568  26% /
2026-09-27T15:20:33Z|dump|35971350528  26% /
2026-09-27T15:20:44Z|dump|35952193536  26% /
2026-09-27T15:20:54Z|dump|35950071808  26% /
2026-09-27T15:21:05Z|dump|35947720704  26% /
2026-09-27T15:21:16Z|dump|35928453120  26% /
2026-09-27T15:21:26Z|dump|35926269952  26% /
2026-09-27T15:21:37Z|dump|35907293184  26% /
2026-09-27T15:21:47Z|dump|35888193536  26% /
2026-09-27T15:21:58Z|dump|35869016064  26% /
2026-09-27T15:22:08Z|dump|35850018816  26% /
2026-09-27T15:22:19Z|dump|35847737344  26% /
2026-09-27T15:22:29Z|dump|35828666368  26% /
2026-09-27T15:22:40Z|dump|35826282496  26% /
2026-09-27T15:22:50Z|dump|35823906816  26% /
2026-09-27T15:23:01Z|dump|35804585984  26% /
2026-09-27T15:23:12Z|dump|35802316800  26% /
2026-09-27T15:23:22Z|dump|35783282688  26% /
2026-09-27T15:23:33Z|dump|35781169152  26% /
2026-09-27T15:23:43Z|dump|35778842624  26% /
2026-09-27T15:23:54Z|dump|35760128000  26% /
2026-09-27T15:24:05Z|dump|35757355008  26% /
2026-09-27T15:24:16Z|restore|35738718208  26% /
2026-09-27T15:24:26Z|restore|35736551424  26% /
2026-09-27T15:24:37Z|restore|35734343680  26% /
2026-09-27T15:24:47Z|restore|35715203072  26% /
2026-09-27T15:24:58Z|catchup|35712983040  26% /
2026-09-27T15:25:08Z|catchup|35710619648  27% /
2026-09-27T15:25:19Z|catchup|35691364352  27% /
2026-09-27T15:25:29Z|catchup|35689238528  27% /
2026-09-27T15:25:40Z|catchup|35686965248  27% /
2026-09-27T15:25:50Z|catchup|35667652608  27% /
2026-09-27T15:26:01Z|catchup|35665391616  27% /
2026-09-27T15:26:11Z|catchup|35646246912  27% /
2026-09-27T15:26:22Z|catchup|35643768832  27% /
2026-09-27T15:26:33Z|catchup|35641516032  27% /
2026-09-27T15:26:43Z|catchup|35605692416  27% /
2026-09-27T15:26:54Z|catchup|35586768896  27% /
2026-09-27T15:27:04Z|catchup|35567558656  27% /
2026-09-27T15:27:15Z|catchup|35565256704  27% /
2026-09-27T15:27:25Z|catchup|35546292224  27% /
2026-09-27T15:27:36Z|catchup|35543920640  27% /
2026-09-27T15:27:46Z|catchup|35541532672  27% /
2026-09-27T15:27:57Z|catchup|35522605056  27% /
2026-09-27T15:28:08Z|catchup|35503804416  27% /
2026-09-27T15:28:18Z|catchup|35501088768  27% /
2026-09-27T15:28:29Z|catchup|35482001408  27% /
2026-09-27T15:28:39Z|catchup|35480199168  27% /
2026-09-27T15:28:50Z|catchup|35477708800  27% /
2026-09-27T15:29:00Z|catchup|35450273792  27% /
2026-09-27T15:29:11Z|catchup|35431374848  27% /
2026-09-27T15:29:21Z|catchup|35412107264  27% /
2026-09-27T15:29:32Z|catchup|35409862656  27% /
2026-09-27T15:29:43Z|catchup|35407568896  27% /
2026-09-27T15:29:53Z|catchup|35388448768  27% /
2026-09-27T15:30:04Z|catchup|35386216448  27% /
2026-09-27T15:30:14Z|catchup|35367084032  27% /
2026-09-27T15:30:25Z|catchup|35364831232  27% /
2026-09-27T15:30:35Z|catchup|35345846272  27% /
2026-09-27T15:30:46Z|catchup|35343503360  27% /
2026-09-27T15:30:56Z|catchup|35342270464  27% /
2026-09-27T15:31:07Z|catchup|35342188544  27% /
2026-09-27T15:31:17Z|catchup|35342143488  27% /
2026-09-27T15:31:28Z|catchup|35342094336  27% /
2026-09-27T15:31:39Z|catchup|35342090240  27% /
2026-09-27T15:31:49Z|catchup|35342008320  27% /
2026-09-27T15:32:00Z|catchup|35341963264  27% /
2026-09-27T15:32:10Z|catchup|35341959168  27% /
2026-09-27T15:32:21Z|catchup|35341881344  27% /
2026-09-27T15:32:31Z|catchup|35341836288  27% /
2026-09-27T15:32:42Z|catchup|35341832192  27% /
2026-09-27T15:32:52Z|catchup|35341750272  27% /
2026-09-27T15:33:03Z|catchup|35341709312  27% /
2026-09-27T15:33:13Z|catchup|35341672448  27% /
2026-09-27T15:33:24Z|catchup|35341668352  27% /
2026-09-27T15:33:34Z|catchup|35341586432  27% /
2026-09-27T15:33:45Z|catchup|35341541376  27% /
2026-09-27T15:33:56Z|catchup|35341537280  27% /
2026-09-27T15:34:06Z|catchup|35341455360  27% /
2026-09-27T15:34:17Z|catchup|35341414400  27% /
2026-09-27T15:34:27Z|catchup|35341410304  27% /
2026-09-27T15:34:38Z|catchup|35341328384  27% /
2026-09-27T15:34:48Z|catchup|35341283328  27% /
2026-09-27T15:34:59Z|catchup|35341242368  27% /
2026-09-27T15:35:09Z|catchup|35341234176  27% /
2026-09-27T15:35:20Z|catchup|35341156352  27% /
2026-09-27T15:35:30Z|catchup|35341119488  27% /
2026-09-27T15:35:41Z|catchup|35341103104  27% /
2026-09-27T15:35:52Z|catchup|35341021184  27% /
2026-09-27T15:36:02Z|catchup|35340980224  27% /
2026-09-27T15:36:13Z|catchup|35340972032  27% /
2026-09-27T15:36:23Z|catchup|35340890112  27% /
2026-09-27T15:36:34Z|catchup|35340853248  27% /
2026-09-27T15:36:44Z|catchup|35340808192  27% /
2026-09-27T15:36:55Z|catchup|35340795904  27% /
2026-09-27T15:37:05Z|catchup|35340718080  27% /
2026-09-27T15:37:16Z|catchup|35340673024  27% /
2026-09-27T15:37:26Z|catchup|35340668928  27% /
2026-09-27T15:37:37Z|catchup|35340595200  27% /
2026-09-27T15:37:47Z|catchup|35340550144  27% /
2026-09-27T15:37:58Z|catchup|35340500992  27% /
2026-09-27T15:38:09Z|catchup|35340496896  27% /
2026-09-27T15:38:19Z|catchup|35340419072  27% /
2026-09-27T15:38:30Z|catchup|35340382208  27% /
2026-09-27T15:38:40Z|catchup|35340374016  27% /
2026-09-27T15:38:51Z|catchup|35340292096  27% /
2026-09-27T15:39:01Z|catchup|35340247040  27% /
2026-09-27T15:39:12Z|catchup|35340238848  27% /
2026-09-27T15:39:22Z|catchup|35340161024  27% /
2026-09-27T15:39:33Z|catchup|35340124160  27% /
2026-09-27T15:39:43Z|catchup|35340083200  27% /
2026-09-27T15:39:54Z|catchup|35340075008  27% /
2026-09-27T15:40:05Z|catchup|35339988992  27% /
2026-09-27T15:40:15Z|catchup|35339948032  27% /
2026-09-27T15:40:26Z|catchup|35339939840  27% /
2026-09-27T15:40:36Z|catchup|35339866112  27% /
2026-09-27T15:40:47Z|catchup|35339825152  27% /
2026-09-27T15:40:57Z|catchup|35339804672  27% /
2026-09-27T15:41:08Z|catchup|35339718656  27% /
2026-09-27T15:41:18Z|catchup|35339681792  27% /
2026-09-27T15:41:29Z|catchup|35339636736  27% /
2026-09-27T15:41:39Z|catchup|35339632640  27% /
2026-09-27T15:41:50Z|catchup|35339558912  27% /
2026-09-27T15:42:00Z|catchup|35339513856  27% /
2026-09-27T15:42:11Z|catchup|35339505664  27% /
2026-09-27T15:42:22Z|catchup|35339419648  27% /
2026-09-27T15:42:32Z|catchup|35339378688  27% /
2026-09-27T15:42:43Z|catchup|35339374592  27% /
2026-09-27T15:42:53Z|catchup|35339296768  27% /
2026-09-27T15:43:04Z|catchup|35339251712  27% /
2026-09-27T15:43:14Z|catchup|35339206656  27% /
2026-09-27T15:43:25Z|catchup|35339198464  27% /
2026-09-27T15:43:35Z|catchup|35339116544  27% /
2026-09-27T15:43:46Z|catchup|35339079680  27% /
2026-09-27T15:43:56Z|catchup|35339071488  27% /
2026-09-27T15:44:07Z|catchup|35338993664  27% /
2026-09-27T15:44:18Z|catchup|35335966720  27% /
2026-09-27T15:44:28Z|catchup|35338883072  27% /
2026-09-27T15:44:39Z|catchup|35338878976  27% /
2026-09-27T15:44:49Z|catchup|35338821632  27% /
2026-09-27T15:45:00Z|catchup|35338780672  27% /
2026-09-27T15:45:10Z|catchup|35338776576  27% /
2026-09-27T15:45:21Z|catchup|35338686464  27% /
2026-09-27T15:45:31Z|catchup|35338641408  27% /
2026-09-27T15:45:42Z|catchup|35338637312  27% /
2026-09-27T15:45:52Z|catchup|35338563584  27% /
2026-09-27T15:46:03Z|catchup|35338510336  27% /
2026-09-27T15:46:13Z|catchup|35338473472  27% /
2026-09-27T15:46:24Z|catchup|35338469376  27% /
2026-09-27T15:46:35Z|catchup|35338379264  27% /
2026-09-27T15:46:45Z|catchup|35338342400  27% /
2026-09-27T15:46:56Z|catchup|35338338304  27% /
2026-09-27T15:47:06Z|catchup|35338260480  27% /
2026-09-27T15:47:17Z|catchup|35338215424  27% /
2026-09-27T15:47:27Z|catchup|35338207232  27% /
2026-09-27T15:47:38Z|catchup|35338108928  27% /
2026-09-27T15:47:48Z|catchup|35338072064  27% /
2026-09-27T15:47:59Z|catchup|35338031104  27% /
2026-09-27T15:48:09Z|catchup|35338022912  27% /
2026-09-27T15:48:20Z|catchup|35337949184  27% /
2026-09-27T15:48:31Z|catchup|35337900032  27% /
2026-09-27T15:48:41Z|catchup|35337891840  27% /
2026-09-27T15:48:52Z|catchup|35337814016  27% /
2026-09-27T15:49:02Z|catchup|35337773056  27% /
2026-09-27T15:49:13Z|catchup|35337764864  27% /
2026-09-27T15:49:23Z|catchup|35337691136  27% /
2026-09-27T15:49:34Z|catchup|35337641984  27% /
2026-09-27T15:49:44Z|catchup|35337596928  27% /
2026-09-27T15:49:55Z|catchup|35337592832  27% /
2026-09-27T15:50:05Z|catchup|35337519104  27% /
2026-09-27T15:50:16Z|catchup|35337474048  27% /
2026-09-27T15:50:26Z|catchup|35337465856  27% /
2026-09-27T15:50:37Z|catchup|35337379840  27% /
2026-09-27T15:50:48Z|catchup|35337330688  27% /
2026-09-27T15:50:58Z|catchup|35337322496  27% /
2026-09-27T15:51:09Z|catchup|35337240576  27% /
2026-09-27T15:51:19Z|catchup|35337195520  27% /
2026-09-27T15:51:30Z|catchup|35337154560  27% /
2026-09-27T15:51:40Z|catchup|35337142272  27% /
2026-09-27T15:51:51Z|catchup|35337064448  27% /
2026-09-27T15:52:01Z|catchup|35337023488  27% /
2026-09-27T15:52:12Z|catchup|35337011200  27% /
2026-09-27T15:52:22Z|catchup|35336937472  27% /
2026-09-27T15:52:33Z|catchup|35336896512  27% /
2026-09-27T15:52:44Z|catchup|35336843264  27% /
2026-09-27T15:52:54Z|catchup|35336839168  27% /
2026-09-27T15:53:05Z|catchup|35336761344  27% /
2026-09-27T15:53:15Z|catchup|35336716288  27% /
2026-09-27T15:53:26Z|catchup|35336712192  27% /
2026-09-27T15:53:36Z|catchup|35336638464  27% /
2026-09-27T15:53:47Z|catchup|35336589312  27% /
2026-09-27T15:53:57Z|catchup|35336581120  27% /
2026-09-27T15:54:08Z|catchup|35336507392  27% /
2026-09-27T15:54:18Z|catchup|35336462336  27% /
2026-09-27T15:54:29Z|catchup|35336425472  27% /
2026-09-27T15:54:39Z|catchup|35336421376  27% /
2026-09-27T15:54:50Z|catchup|35336331264  27% /
2026-09-27T15:55:01Z|catchup|35336290304  27% /
2026-09-27T15:55:11Z|catchup|35336282112  27% /
2026-09-27T15:55:22Z|catchup|35336200192  27% /
2026-09-27T15:55:32Z|catchup|35336163328  27% /
2026-09-27T15:55:43Z|catchup|35336159232  27% /
2026-09-27T15:55:53Z|catchup|35336073216  27% /
2026-09-27T15:56:04Z|catchup|35336028160  27% /
2026-09-27T15:56:14Z|catchup|35335991296  27% /
2026-09-27T15:56:25Z|catchup|35335974912  27% /
2026-09-27T15:56:35Z|catchup|35335901184  27% /
2026-09-27T15:56:46Z|catchup|35335860224  27% /
2026-09-27T15:56:57Z|catchup|35335852032  27% /
2026-09-27T15:57:07Z|catchup|35335770112  27% /
2026-09-27T15:57:18Z|catchup|35335725056  27% /
2026-09-27T15:57:28Z|catchup|35327328256  27% /
2026-09-27T15:57:39Z|catchup|35327254528  27% /
2026-09-27T15:57:49Z|catchup|35327213568  27% /
2026-09-27T15:58:00Z|catchup|35327164416  27% /
2026-09-27T15:58:10Z|catchup|35327156224  27% /
2026-09-27T15:58:21Z|catchup|35327082496  27% /
2026-09-27T15:58:31Z|catchup|35327037440  27% /
2026-09-27T15:58:42Z|catchup|35327033344  27% /
2026-09-27T15:58:52Z|catchup|35326959616  27% /
2026-09-27T15:59:03Z|catchup|35326906368  27% /
2026-09-27T15:59:14Z|catchup|35326865408  27% /
2026-09-27T15:59:24Z|catchup|35326857216  27% /
2026-09-27T15:59:35Z|catchup|35326779392  27% /
2026-09-27T15:59:45Z|catchup|35326738432  27% /
2026-09-27T15:59:56Z|catchup|35326734336  27% /
2026-09-27T16:00:06Z|catchup|35326648320  27% /
2026-09-27T16:00:17Z|catchup|35326607360  27% /
2026-09-27T16:00:27Z|catchup|35326603264  27% /
2026-09-27T16:00:38Z|catchup|35326521344  27% /
2026-09-27T16:00:48Z|catchup|35326480384  27% /
2026-09-27T16:00:59Z|catchup|35326439424  27% /
2026-09-27T16:01:10Z|catchup|35326431232  27% /
2026-09-27T16:01:20Z|catchup|35326353408  27% /
2026-09-27T16:01:31Z|catchup|35326312448  27% /
2026-09-27T16:01:41Z|catchup|35326287872  27% /
2026-09-27T16:01:52Z|catchup|35326214144  27% /
2026-09-27T16:02:02Z|catchup|35326164992  27% /
2026-09-27T16:02:13Z|catchup|35326160896  27% /
2026-09-27T16:02:23Z|catchup|35326083072  27% /
2026-09-27T16:02:34Z|catchup|35326038016  27% /
2026-09-27T16:02:44Z|catchup|35325997056  27% /
2026-09-27T16:02:55Z|catchup|35325992960  27% /
2026-09-27T16:03:05Z|catchup|35325915136  27% /
2026-09-27T16:03:16Z|catchup|35325865984  27% /
2026-09-27T16:03:27Z|catchup|35325861888  27% /
2026-09-27T16:03:37Z|catchup|35325784064  27% /
2026-09-27T16:03:48Z|catchup|35325747200  27% /
2026-09-27T16:03:58Z|catchup|35326894080  27% /
2026-09-27T16:04:09Z|catchup|35326812160  27% /
2026-09-27T16:04:19Z|catchup|35326763008  27% /
2026-09-27T16:04:30Z|catchup|35326726144  27% /
2026-09-27T16:04:40Z|catchup|35326717952  27% /
2026-09-27T16:04:51Z|catchup|35326640128  27% /
2026-09-27T16:05:01Z|catchup|35326599168  27% /
2026-09-27T16:05:12Z|catchup|35326590976  27% /
2026-09-27T16:05:23Z|catchup|35325349888  27% /
2026-09-27T16:05:33Z|catchup|35325308928  27% /
2026-09-27T16:05:44Z|catchup|35325300736  27% /
2026-09-27T16:05:54Z|catchup|35325231104  27% /
2026-09-27T16:06:05Z|catchup|35325186048  27% /
2026-09-27T16:06:15Z|catchup|35325140992  27% /
2026-09-27T16:06:26Z|catchup|35325136896  27% /
2026-09-27T16:06:36Z|catchup|35325054976  27% /
2026-09-27T16:06:47Z|catchup|35325009920  27% /
2026-09-27T16:06:57Z|catchup|35324997632  27% /
2026-09-27T16:07:08Z|catchup|35324923904  27% /
2026-09-27T16:07:18Z|catchup|35324878848  27% /
2026-09-27T16:07:29Z|catchup|35324833792  27% /
2026-09-27T16:07:40Z|catchup|35324825600  27% /
2026-09-27T16:07:50Z|catchup|35324747776  27% /
2026-09-27T16:08:01Z|catchup|35324706816  27% /
2026-09-27T16:08:11Z|catchup|35324702720  27% /
2026-09-27T16:08:22Z|catchup|35324612608  27% /
2026-09-27T16:08:32Z|catchup|35324567552  27% /
2026-09-27T16:08:43Z|catchup|35324559360  27% /
2026-09-27T16:08:53Z|catchup|35324481536  27% /
2026-09-27T16:09:04Z|catchup|35316051968  27% /
2026-09-27T16:09:14Z|catchup|35316011008  27% /
2026-09-27T16:09:25Z|catchup|35316006912  27% /
2026-09-27T16:09:36Z|catchup|35315920896  27% /
2026-09-27T16:09:46Z|catchup|35315879936  27% /
2026-09-27T16:09:57Z|catchup|35315875840  27% /
2026-09-27T16:10:07Z|catchup|35315798016  27% /
2026-09-27T16:10:18Z|catchup|35315757056  27% /
2026-09-27T16:10:28Z|catchup|35315744768  27% /
2026-09-27T16:10:39Z|catchup|35315658752  27% /
2026-09-27T16:10:49Z|catchup|35315621888  27% /
2026-09-27T16:11:00Z|catchup|35315576832  27% /
2026-09-27T16:11:10Z|catchup|35315572736  27% /
2026-09-27T16:11:21Z|catchup|35315499008  27% /
2026-09-27T16:11:31Z|catchup|35315449856  27% /
2026-09-27T16:11:42Z|catchup|35315445760  27% /
2026-09-27T16:11:53Z|catchup|35315367936  27% /
2026-09-27T16:12:03Z|catchup|35315314688  27% /
2026-09-27T16:12:14Z|catchup|35315310592  27% /
2026-09-27T16:12:24Z|catchup|35315236864  27% /
2026-09-27T16:12:35Z|catchup|35315175424  27% /
2026-09-27T16:12:45Z|catchup|35315126272  27% /
2026-09-27T16:12:56Z|catchup|35315122176  27% /
2026-09-27T16:13:06Z|catchup|35315044352  27% /
2026-09-27T16:13:17Z|catchup|35315003392  27% /
2026-09-27T16:13:27Z|catchup|35314999296  27% /
2026-09-27T16:13:38Z|catchup|35314913280  27% /
2026-09-27T16:13:49Z|catchup|35314864128  27% /
2026-09-27T16:13:59Z|catchup|35314823168  27% /
2026-09-27T16:14:10Z|catchup|35314819072  27% /
2026-09-27T16:14:20Z|catchup|35314741248  27% /
2026-09-27T16:14:31Z|catchup|35314700288  27% /
2026-09-27T16:14:41Z|catchup|35314692096  27% /
2026-09-27T16:14:52Z|catchup|35314610176  27% /
2026-09-27T16:15:02Z|catchup|35314569216  27% /
2026-09-27T16:15:13Z|catchup|35314565120  27% /
2026-09-27T16:15:23Z|catchup|35314487296  27% /
2026-09-27T16:15:34Z|catchup|35314438144  27% /
2026-09-27T16:15:44Z|catchup|35314401280  27% /
2026-09-27T16:15:55Z|catchup|35314397184  27% /
2026-09-27T16:16:06Z|catchup|35314307072  27% /
2026-09-27T16:16:16Z|catchup|35314266112  27% /
2026-09-27T16:16:27Z|catchup|35314262016  27% /
2026-09-27T16:16:37Z|catchup|35314184192  27% /
2026-09-27T16:16:48Z|catchup|35314139136  27% /
2026-09-27T16:16:58Z|catchup|35314135040  27% /
2026-09-27T16:17:09Z|catchup|35314049024  27% /
2026-09-27T16:17:19Z|catchup|35313999872  27% /
2026-09-27T16:17:30Z|catchup|35313963008  27% /
2026-09-27T16:17:40Z|catchup|35313954816  27% /
2026-09-27T16:17:51Z|catchup|35313876992  27% /
2026-09-27T16:18:02Z|catchup|35313831936  27% /
2026-09-27T16:18:12Z|catchup|35313819648  27% /
2026-09-27T16:18:23Z|catchup|35313741824  27% /
2026-09-27T16:18:33Z|catchup|35313704960  27% /
2026-09-27T16:18:44Z|catchup|35313696768  27% /
